This is pdfTeX, Version 3.141592653-2.6-1.40.29 (TeX Live 2026) (preloaded format=pdflatex 2026.6.16)  24 SEP 2026 11:29
entering extended mode
 restricted \write18 enabled.
 %&-line parsing enabled.
**Octave_PlasticityDisplacementControlledLoads_paper.tex
(./Octave_PlasticityDisplacementControlledLoads_paper.tex
LaTeX2e <2026-06-01>
L3 programming layer <2026-05-26>
(c:/texlive/2026/texmf-dist/tex/latex/base/article.cls
Document Class: article 2025/01/22 v1.4n Standard LaTeX document class
(c:/texlive/2026/texmf-dist/tex/latex/base/size11.clo
File: size11.clo 2025/01/22 v1.4n Standard LaTeX file (size option)
)
\c@part=\count276
\c@section=\count277
\c@subsection=\count278
\c@subsubsection=\count279
\c@paragraph=\count280
\c@subparagraph=\count281
\c@figure=\count282
\c@table=\count283
\abovecaptionskip=\skip49
\belowcaptionskip=\skip50
\bibindent=\dimen150
)
(c:/texlive/2026/texmf-dist/tex/latex/base/inputenc.sty
Package: inputenc 2024/02/08 v1.3d Input encoding file
\inpenc@prehook=\toks17
\inpenc@posthook=\toks18
)
(c:/texlive/2026/texmf-dist/tex/latex/base/fontenc.sty
Package: fontenc 2025/07/18 v2.1d Standard LaTeX package
)
(c:/texlive/2026/texmf-dist/tex/latex/amsmath/amsmath.sty
Package: amsmath 2026/05/19 v2.18d AMS math features
\@mathmargin=\skip51

For additional information on amsmath, use the `?' option.
(c:/texlive/2026/texmf-dist/tex/latex/amsmath/amstext.sty
Package: amstext 2024/11/17 v2.01 AMS text

(c:/texlive/2026/texmf-dist/tex/latex/amsmath/amsgen.sty
File: amsgen.sty 1999/11/30 v2.0 generic functions
\@emptytoks=\toks19
\ex@=\dimen151
))
(c:/texlive/2026/texmf-dist/tex/latex/amsmath/amsbsy.sty
Package: amsbsy 1999/11/29 v1.2d Bold Symbols
\pmbraise@=\dimen152
)
(c:/texlive/2026/texmf-dist/tex/latex/amsmath/amsopn.sty
Package: amsopn 2022/04/08 v2.04 operator names
)
\inf@bad=\count284
LaTeX Info: Redefining \frac on input line 233.
\uproot@=\count285
\leftroot@=\count286
LaTeX Info: Redefining \overline on input line 398.
LaTeX Info: Redefining \colon on input line 409.
\classnum@=\count287
\DOTSCASE@=\count288
LaTeX Info: Redefining \ldots on input line 495.
LaTeX Info: Redefining \dots on input line 498.
LaTeX Info: Redefining \cdots on input line 619.
\Mathstrutbox@=\box53
\strutbox@=\box54
LaTeX Info: Redefining \big on input line 721.
LaTeX Info: Redefining \Big on input line 722.
LaTeX Info: Redefining \bigg on input line 723.
LaTeX Info: Redefining \Bigg on input line 724.
\big@size=\dimen153
LaTeX Font Info:    Redeclaring font encoding OML on input line 742.
LaTeX Font Info:    Redeclaring font encoding OMS on input line 743.
\macc@depth=\count289
LaTeX Info: Redefining \bmod on input line 904.
LaTeX Info: Redefining \pmod on input line 909.
LaTeX Info: Redefining \smash on input line 939.
LaTeX Info: Redefining \relbar on input line 969.
LaTeX Info: Redefining \Relbar on input line 970.
\c@MaxMatrixCols=\count290
\dotsspace@=\muskip17
\c@parentequation=\count291
\dspbrk@lvl=\count292
\tag@help=\toks20
\row@=\count293
\column@=\count294
\maxfields@=\count295
\andhelp@=\toks21
\eqnshift@=\dimen154
\alignsep@=\dimen155
\tagshift@=\dimen156
\tagwidth@=\dimen157
\totwidth@=\dimen158
\lineht@=\dimen159
\@envbody=\toks22
\multlinegap=\skip52
\multlinetaggap=\skip53
\mathdisplay@stack=\toks23
LaTeX Info: Redefining \[ on input line 2965.
LaTeX Info: Redefining \] on input line 2966.
)
(c:/texlive/2026/texmf-dist/tex/latex/amsfonts/amssymb.sty
Package: amssymb 2013/01/14 v3.01 AMS font symbols

(c:/texlive/2026/texmf-dist/tex/latex/amsfonts/amsfonts.sty
Package: amsfonts 2013/01/14 v3.01 Basic AMSFonts support
\symAMSa=\mathgroup4
\symAMSb=\mathgroup5
LaTeX Font Info:    Redeclaring math symbol \hbar on input line 98.
LaTeX Font Info:    Overwriting math alphabet `\mathfrak' in version `bold'
(Font)                  U/euf/m/n --> U/euf/b/n on input line 106.
))
(c:/texlive/2026/texmf-dist/tex/latex/graphics/graphicx.sty
Package: graphicx 2026-05-17 v1.2e Enhanced LaTeX Graphics (DPC,SPQR)

(c:/texlive/2026/texmf-dist/tex/latex/graphics/keyval.sty
Package: keyval 2026-05-17 v1.15 key=value parser (DPC)
\KV@toks@=\toks24
)
(c:/texlive/2026/texmf-dist/tex/latex/graphics/graphics.sty
Package: graphics 2026-05-17 v1.4h Standard LaTeX Graphics (DPC,SPQR)

(c:/texlive/2026/texmf-dist/tex/latex/graphics/trig.sty
Package: trig 2023/12/02 v1.11 sin cos tan (DPC)
)
(c:/texlive/2026/texmf-dist/tex/latex/graphics-cfg/graphics.cfg
File: graphics.cfg 2016/06/04 v1.11 sample graphics configuration
)
Package graphics Info: Driver file: pdftex.def on input line 106.

(c:/texlive/2026/texmf-dist/tex/latex/graphics-def/pdftex.def
File: pdftex.def 2025/09/29 v1.2d Graphics/color driver for pdftex
))
\Gin@req@height=\dimen160
\Gin@req@width=\dimen161
)
(c:/texlive/2026/texmf-dist/tex/latex/booktabs/booktabs.sty
Package: booktabs 2020/01/12 v1.61803398 Publication quality tables
\heavyrulewidth=\dimen162
\lightrulewidth=\dimen163
\cmidrulewidth=\dimen164
\belowrulesep=\dimen165
\belowbottomsep=\dimen166
\aboverulesep=\dimen167
\abovetopsep=\dimen168
\cmidrulesep=\dimen169
\cmidrulekern=\dimen170
\defaultaddspace=\dimen171
\@cmidla=\count296
\@cmidlb=\count297
\@aboverulesep=\dimen172
\@belowrulesep=\dimen173
\@thisruleclass=\count298
\@lastruleclass=\count299
\@thisrulewidth=\dimen174
)
(c:/texlive/2026/texmf-dist/tex/latex/geometry/geometry.sty
Package: geometry 2026/03/07 v6.0 Page Geometry

(c:/texlive/2026/texmf-dist/tex/generic/iftex/ifvtex.sty
Package: ifvtex 2019/10/25 v1.7 ifvtex legacy package. Use iftex instead.

(c:/texlive/2026/texmf-dist/tex/generic/iftex/iftex.sty
Package: iftex 2024/12/12 v1.0g TeX engine tests
))
\Gm@cnth=\count300
\Gm@cntv=\count301
\c@Gm@tempcnt=\count302
\Gm@bindingoffset=\dimen175
\Gm@wd@mp=\dimen176
\Gm@odd@mp=\dimen177
\Gm@even@mp=\dimen178
\Gm@layoutwidth=\dimen179
\Gm@layoutheight=\dimen180
\Gm@layouthoffset=\dimen181
\Gm@layoutvoffset=\dimen182
\Gm@dimlist=\toks25
)
(c:/texlive/2026/texmf-dist/tex/latex/hyperref/hyperref.sty
Package: hyperref 2026-04-24 v7.01q Hypertext links for LaTeX

(c:/texlive/2026/texmf-dist/tex/latex/kvsetkeys/kvsetkeys.sty
Package: kvsetkeys 2022-10-05 v1.19 Key value parser (HO)
)
(c:/texlive/2026/texmf-dist/tex/generic/kvdefinekeys/kvdefinekeys.sty
Package: kvdefinekeys 2019-12-19 v1.6 Define keys (HO)
)
(c:/texlive/2026/texmf-dist/tex/generic/pdfescape/pdfescape.sty
Package: pdfescape 2019/12/09 v1.15 Implements pdfTeX's escape features (HO)

(c:/texlive/2026/texmf-dist/tex/generic/ltxcmds/ltxcmds.sty
Package: ltxcmds 2023-12-04 v1.26 LaTeX kernel commands for general use (HO)
)
(c:/texlive/2026/texmf-dist/tex/generic/pdftexcmds/pdftexcmds.sty
Package: pdftexcmds 2020-06-27 v0.33 Utility functions of pdfTeX for LuaTeX (HO
)

(c:/texlive/2026/texmf-dist/tex/generic/infwarerr/infwarerr.sty
Package: infwarerr 2019/12/03 v1.5 Providing info/warning/error messages (HO)
)
Package pdftexcmds Info: \pdf@primitive is available.
Package pdftexcmds Info: \pdf@ifprimitive is available.
Package pdftexcmds Info: \pdfdraftmode found.
))
(c:/texlive/2026/texmf-dist/tex/latex/hycolor/hycolor.sty
Package: hycolor 2020-01-27 v1.10 Color options for hyperref/bookmark (HO)
)
(c:/texlive/2026/texmf-dist/tex/latex/hyperref/nameref.sty
Package: nameref 2026-01-29 v2.58 Cross-referencing by name of section

(c:/texlive/2026/texmf-dist/tex/latex/refcount/refcount.sty
Package: refcount 2019/12/15 v3.6 Data extraction from label references (HO)
)
(c:/texlive/2026/texmf-dist/tex/generic/gettitlestring/gettitlestring.sty
Package: gettitlestring 2019/12/15 v1.6 Cleanup title references (HO)

(c:/texlive/2026/texmf-dist/tex/latex/kvoptions/kvoptions.sty
Package: kvoptions 2022-06-15 v3.15 Key value format for package options (HO)
))
\c@section@level=\count303
)
(c:/texlive/2026/texmf-dist/tex/latex/etoolbox/etoolbox.sty
Package: etoolbox 2025/10/02 v2.5m e-TeX tools for LaTeX (JAW)
\etb@tempcnta=\count304
)
(c:/texlive/2026/texmf-dist/tex/generic/stringenc/stringenc.sty
Package: stringenc 2019/11/29 v1.12 Convert strings between diff. encodings (HO
)
)
\@linkdim=\dimen183
\Hy@linkcounter=\count305
\Hy@pagecounter=\count306

(c:/texlive/2026/texmf-dist/tex/latex/hyperref/pd1enc.def
File: pd1enc.def 2026-04-24 v7.01q Hyperref: PDFDocEncoding definition (HO)
Now handling font encoding PD1 ...
... no UTF-8 mapping file for font encoding PD1
)
(c:/texlive/2026/texmf-dist/tex/generic/intcalc/intcalc.sty
Package: intcalc 2019/12/15 v1.3 Expandable calculations with integers (HO)
)
\Hy@SavedSpaceFactor=\count307

(c:/texlive/2026/texmf-dist/tex/latex/hyperref/puenc.def
File: puenc.def 2026-04-24 v7.01q Hyperref: PDF Unicode definition (HO)
Now handling font encoding PU ...
... no UTF-8 mapping file for font encoding PU
)
Package hyperref Info: Hyper figures OFF on input line 4199.
Package hyperref Info: Link nesting OFF on input line 4204.
Package hyperref Info: Hyper index ON on input line 4207.
Package hyperref Info: Plain pages OFF on input line 4214.
Package hyperref Info: Backreferencing OFF on input line 4219.
Package hyperref Info: Implicit mode ON; LaTeX internals redefined.
Package hyperref Info: Bookmarks ON on input line 4466.
\c@Hy@tempcnt=\count308

(c:/texlive/2026/texmf-dist/tex/latex/url/url.sty
\Urlmuskip=\muskip18
Package: url 2013/09/16  ver 3.4  Verb mode for urls, etc.
)
LaTeX Info: Redefining \url on input line 4805.
\XeTeXLinkMargin=\dimen184

(c:/texlive/2026/texmf-dist/tex/generic/bitset/bitset.sty
Package: bitset 2019/12/09 v1.3 Handle bit-vector datatype (HO)

(c:/texlive/2026/texmf-dist/tex/generic/bigintcalc/bigintcalc.sty
Package: bigintcalc 2019/12/15 v1.5 Expandable calculations on big integers (HO
)
))
\Fld@menulength=\count309
\Field@Width=\dimen185
\Fld@charsize=\dimen186
Package hyperref Info: Hyper figures OFF on input line 6091.
Package hyperref Info: Link nesting OFF on input line 6096.
Package hyperref Info: Hyper index ON on input line 6099.
Package hyperref Info: backreferencing OFF on input line 6106.
Package hyperref Info: Link coloring OFF on input line 6111.
Package hyperref Info: Link coloring with OCG OFF on input line 6116.
Package hyperref Info: PDF/A mode OFF on input line 6121.
\Hy@abspage=\count310
\c@Item=\count311
\c@Hfootnote=\count312
)
Package hyperref Info: Driver (autodetected): hpdftex.

(c:/texlive/2026/texmf-dist/tex/latex/hyperref/hpdftex.def
File: hpdftex.def 2026-04-24 v7.01q Hyperref driver for pdfTeX
\Fld@listcount=\count313
\c@bookmark@seq@number=\count314

(c:/texlive/2026/texmf-dist/tex/latex/rerunfilecheck/rerunfilecheck.sty
Package: rerunfilecheck 2025-06-21 v1.11 Rerun checks for auxiliary files (HO)

(c:/texlive/2026/texmf-dist/tex/generic/uniquecounter/uniquecounter.sty
Package: uniquecounter 2019/12/15 v1.4 Provide unlimited unique counter (HO)
)
Package uniquecounter Info: New unique counter `rerunfilecheck' on input line 2
84.
)
\Hy@SectionHShift=\skip54
)
(c:/texlive/2026/texmf-dist/tex/latex/microtype/microtype.sty
Package: microtype 2026/03/01 v3.2d Micro-typographical refinements (RS)
\MT@toks=\toks26
\MT@tempbox=\box55
\MT@count=\count315
LaTeX Info: Redefining \noprotrusionifhmode on input line 1084.
LaTeX Info: Redefining \leftprotrusion on input line 1085.
\MT@prot@toks=\toks27
LaTeX Info: Redefining \rightprotrusion on input line 1104.
LaTeX Info: Redefining \textls on input line 1449.
\MT@outer@kern=\dimen187
LaTeX Info: Redefining \microtypecontext on input line 2053.
LaTeX Info: Redefining \textmicrotypecontext on input line 2070.
\MT@listname@count=\count316

(c:/texlive/2026/texmf-dist/tex/latex/microtype/microtype-pdftex.def
File: microtype-pdftex.def 2026/03/01 v3.2d Definitions specific to pdftex (RS)

LaTeX Info: Redefining \lsstyle on input line 944.
LaTeX Info: Redefining \lslig on input line 944.
\MT@outer@space=\skip55
)
Package microtype Info: Loading configuration file microtype.cfg.

(c:/texlive/2026/texmf-dist/tex/latex/microtype/microtype.cfg
File: microtype.cfg 2026/03/01 v3.2d microtype main configuration file (RS)
)
LaTeX Info: Redefining \microtypesetup on input line 3065.
)
(c:/texlive/2026/texmf-dist/tex/latex/siunitx/siunitx.sty
Package: siunitx 2026-05-15 v3.5.5 A comprehensive (SI) units package
\l__siunitx_number_uncert_offset_int=\count317
\l__siunitx_number_exponent_fixed_int=\count318
\l__siunitx_number_min_decimal_int=\count319
\l__siunitx_number_min_integer_int=\count320
\l__siunitx_number_round_precision_int=\count321
\l__siunitx_number_lower_threshold_int=\count322
\l__siunitx_number_upper_threshold_int=\count323
\l__siunitx_number_group_first_int=\count324
\l__siunitx_number_group_size_int=\count325
\l__siunitx_number_group_min_int=\count326
\l__siunitx_number_group_minimum_int=\count327
\l__siunitx_compound_count_int=\count328

(c:/texlive/2026/texmf-dist/tex/latex/translations/translations.sty
Package: translations 2022/02/05 v1.12 internationalization of LaTeX2e packages
 (CN)
)
\l__siunitx_table_tmp_box=\box56
\l__siunitx_table_tmp_dim=\dimen188
\l__siunitx_table_column_width_dim=\dimen189
\l__siunitx_table_integer_box=\box57
\l__siunitx_table_decimal_box=\box58
\l__siunitx_table_uncert_box=\box59
\l__siunitx_table_before_box=\box60
\l__siunitx_table_after_box=\box61
\l__siunitx_table_before_dim=\dimen190
\l__siunitx_table_carry_dim=\dimen191
\l__siunitx_unit_tmp_int=\count329
\l__siunitx_unit_position_int=\count330
\l__siunitx_unit_total_int=\count331
\l__siunitx_sexagesimal_tmp_dim=\dimen192
\l__siunitx_sexagesimal_marker_box=\box62
\l__siunitx_sexagesimal_unit_box=\box63

(c:/texlive/2026/texmf-dist/tex/latex/tools/array.sty
Package: array 2026/02/24 v2.7b Tabular extension package (FMi)
\col@sep=\dimen193
\ar@mcellbox=\box64
\extrarowheight=\dimen194
\NC@list=\toks28
\extratabsurround=\skip56
\backup@length=\skip57
\ar@cellbox=\box65
))
(c:/texlive/2026/texmf-dist/tex/latex/caption/caption.sty
Package: caption 2023/08/05 v3.6o Customizing captions (AR)

(c:/texlive/2026/texmf-dist/tex/latex/caption/caption3.sty
Package: caption3 2023/07/31 v2.4d caption3 kernel (AR)
\caption@tempdima=\dimen195
\captionmargin=\dimen196
\caption@leftmargin=\dimen197
\caption@rightmargin=\dimen198
\caption@width=\dimen199
\caption@indent=\dimen256
\caption@parindent=\dimen257
\caption@hangindent=\dimen258
Package caption Info: Standard document class detected.
)
\c@caption@flags=\count332
\c@continuedfloat=\count333
Package caption Info: hyperref package is loaded.
)
(c:/texlive/2026/texmf-dist/tex/latex/preprint/authblk.sty
Package: authblk 2001/02/27 1.3 (PWD)
\affilsep=\skip58
\@affilsep=\skip59
\c@Maxaffil=\count334
\c@authors=\count335
\c@affil=\count336
)
Package hyperref Info: Option `colorlinks' set `true' on input line 19.

Package siunitx Info: Option "detect-all" has been deprecated in this release.
(siunitx)             
(siunitx)             Use "mode = match, propagate-math-font = true,
(siunitx)             reset-math-version = false, reset-text-family = false,
(siunitx)             reset-text-series = false, reset-text-shape = false,
(siunitx)             text-family-to-math = true, text-series-to-math = true"
(siunitx)             as a replacement.

Package translations Info: No language package found. I am going to use `englis
h' as default language. on input line 38.

(c:/texlive/2026/texmf-dist/tex/latex/graphics/color.sty
Package: color 2026-05-17 v1.3f Standard LaTeX Color (DPC)

(c:/texlive/2026/texmf-dist/tex/latex/graphics-cfg/color.cfg
File: color.cfg 2016/01/02 v1.6 sample color configuration
)
Package color Info: Driver file: pdftex.def on input line 149.

(c:/texlive/2026/texmf-dist/tex/latex/graphics/mathcolor.ltx))
(c:/texlive/2026/texmf-dist/tex/latex/l3backend/l3backend-pdftex.def
File: l3backend-pdftex.def 2026-02-18 L3 backend support: PDF output (pdfTeX)
\l__color_backend_stack_int=\count337
)
(./Octave_PlasticityDisplacementControlledLoads_paper.aux)
\openout1 = `Octave_PlasticityDisplacementControlledLoads_paper.aux'.

LaTeX Font Info:    Checking defaults for OML/cmm/m/it on input line 38.
LaTeX Font Info:    ... okay on input line 38.
LaTeX Font Info:    Checking defaults for OMS/cmsy/m/n on input line 38.
LaTeX Font Info:    ... okay on input line 38.
LaTeX Font Info:    Checking defaults for OT1/cmr/m/n on input line 38.
LaTeX Font Info:    ... okay on input line 38.
LaTeX Font Info:    Checking defaults for T1/cmr/m/n on input line 38.
LaTeX Font Info:    ... okay on input line 38.
LaTeX Font Info:    Checking defaults for TS1/cmr/m/n on input line 38.
LaTeX Font Info:    ... okay on input line 38.
LaTeX Font Info:    Checking defaults for OMX/cmex/m/n on input line 38.
LaTeX Font Info:    ... okay on input line 38.
LaTeX Font Info:    Checking defaults for U/cmr/m/n on input line 38.
LaTeX Font Info:    ... okay on input line 38.
LaTeX Font Info:    Checking defaults for PD1/pdf/m/n on input line 38.
LaTeX Font Info:    ... okay on input line 38.
LaTeX Font Info:    Checking defaults for PU/pdf/m/n on input line 38.
LaTeX Font Info:    ... okay on input line 38.

(c:/texlive/2026/texmf-dist/tex/context/base/mkii/supp-pdf.mkii
[Loading MPS to PDF converter (version 2006.09.02).]
\scratchcounter=\count338
\scratchdimen=\dimen259
\scratchbox=\box66
\nofMPsegments=\count339
\nofMParguments=\count340
\everyMPshowfont=\toks29
\MPscratchCnt=\count341
\MPscratchDim=\dimen260
\MPnumerator=\count342
\makeMPintoPDFobject=\count343
\everyMPtoPDFconversion=\toks30
) (c:/texlive/2026/texmf-dist/tex/latex/epstopdf-pkg/epstopdf-base.sty
Package: epstopdf-base 2020-01-24 v2.11 Base part for package epstopdf
Package epstopdf-base Info: Redefining graphics rule for `.eps' on input line 4
85.

(c:/texlive/2026/texmf-dist/tex/latex/latexconfig/epstopdf-sys.cfg
File: epstopdf-sys.cfg 2010/07/13 v1.3 Configuration of (r)epstopdf for TeX Liv
e
))
*geometry* driver: auto-detecting
*geometry* detected driver: pdftex
*geometry* verbose mode - [ preamble ] result:
* driver: pdftex
* paper: a4paper
* layout: <same size as paper>
* layoutoffset:(h,v)=(0.0pt,0.0pt)
* modes: 
* h-part:(L,W,R)=(71.13188pt, 455.24411pt, 71.13188pt)
* v-part:(T,H,B)=(71.13188pt, 702.78308pt, 71.13188pt)
* \paperwidth=597.50787pt
* \paperheight=845.04684pt
* \textwidth=455.24411pt
* \textheight=702.78308pt
* \oddsidemargin=-1.1381pt
* \evensidemargin=-1.1381pt
* \topmargin=-38.1381pt
* \headheight=12.0pt
* \headsep=25.0pt
* \topskip=11.0pt
* \footskip=30.0pt
* \marginparwidth=50.0pt
* \marginparsep=10.0pt
* \columnsep=10.0pt
* \skip\footins=10.0pt plus 4.0pt minus 2.0pt
* \hoffset=0.0pt
* \voffset=0.0pt
* \mag=1000
* \@twocolumnfalse
* \@twosidefalse
* \@mparswitchfalse
* \@reversemarginfalse
* (1in=72.27pt=25.4mm, 1cm=28.453pt)

Package hyperref Info: Link coloring ON on input line 38.
(./Octave_PlasticityDisplacementControlledLoads_paper.out)
(./Octave_PlasticityDisplacementControlledLoads_paper.out)
\@outlinefile=\write3
\openout3 = `Octave_PlasticityDisplacementControlledLoads_paper.out'.

LaTeX Info: Redefining \microtypecontext on input line 38.
Package microtype Info: Applying patch `item' on input line 38.
Package microtype Info: Applying patch `toc' on input line 38.
Package microtype Info: Applying patch `eqnum' on input line 38.
Package microtype Info: Applying patch `footnote' on input line 38.
Package microtype Info: Applying patch `verbatim' on input line 38.
LaTeX Info: Redefining \microtypesetup on input line 38.
Package microtype Info: Generating PDF output.
Package microtype Info: Character protrusion enabled (level 2).
Package microtype Info: Using default protrusion set `alltext'.
Package microtype Info: Automatic font expansion enabled (level 2),
(microtype)             stretch: 20, shrink: 20, step: 1, non-selected.
Package microtype Info: Using default expansion set `alltext-nott'.
Package microtype Info: Patching command `\showhyphens'.
Package microtype Info: No adjustment of tracking.
Package microtype Info: No adjustment of interword spacing.
Package microtype Info: No adjustment of character kerning.

(c:/texlive/2026/texmf-dist/tex/latex/microtype/mt-cmr.cfg
File: mt-cmr.cfg 2013/05/19 v2.2 microtype config. file: Computer Modern Roman 
(RS)
)
(c:/texlive/2026/texmf-dist/tex/latex/translations/translations-basic-dictionar
y-english.trsl
File: translations-basic-dictionary-english.trsl (english translation file `tra
nslations-basic-dictionary')
)
Package translations Info: loading dictionary `translations-basic-dictionary' f
or `english'. on input line 38.
Package caption Info: Begin \AtBeginDocument code.
Package caption Info: End \AtBeginDocument code.
LaTeX Font Info:    Trying to load font information for U+msa on input line 40.

 (c:/texlive/2026/texmf-dist/tex/latex/amsfonts/umsa.fd
File: umsa.fd 2013/01/14 v3.01 AMS symbols A
)
(c:/texlive/2026/texmf-dist/tex/latex/microtype/mt-msa.cfg
File: mt-msa.cfg 2006/02/04 v1.1 microtype config. file: AMS symbols (a) (RS)
)
LaTeX Font Info:    Trying to load font information for U+msb on input line 40.


(c:/texlive/2026/texmf-dist/tex/latex/amsfonts/umsb.fd
File: umsb.fd 2013/01/14 v3.01 AMS symbols B
)
(c:/texlive/2026/texmf-dist/tex/latex/microtype/mt-msb.cfg
File: mt-msb.cfg 2005/06/01 v1.0 microtype config. file: AMS symbols (b) (RS)
) [1

{c:/texlive/2026/texmf-var/fonts/map/pdftex/updmap/pdftex.map}{c:/texlive/2026/
texmf-dist/fonts/enc/dvips/cm-super/cm-super-t1.enc}{c:/texlive/2026/texmf-dist
/fonts/enc/dvips/cm-super/cm-super-ts1.enc}]
<figures/beam_piping_history_timeline.png, id=158, 607.26875pt x 321.2pt>
File: figures/beam_piping_history_timeline.png Graphic file (type png)
<use figures/beam_piping_history_timeline.png>
Package pdftex.def Info: figures/beam_piping_history_timeline.png  used on inpu
t line 88.
(pdftex.def)             Requested size: 373.3035pt x 197.45105pt.
<figures/markl_fatigue_test_photo.png, id=159, 569.87906pt x 370.38374pt>
File: figures/markl_fatigue_test_photo.png Graphic file (type png)
<use figures/markl_fatigue_test_photo.png>
Package pdftex.def Info: figures/markl_fatigue_test_photo.png  used on input li
ne 95.
(pdftex.def)             Requested size: 250.38564pt x 162.73198pt.
<figures/historical_lecture_photo.png, id=163, 227.34938pt x 240.9pt>
File: figures/historical_lecture_photo.png Graphic file (type png)
<use figures/historical_lecture_photo.png>
Package pdftex.def Info: figures/historical_lecture_photo.png  used on input li
ne 102.
(pdftex.def)             Requested size: 182.09486pt x 192.95183pt.
 [2] [3 <./figures/beam_piping_history_timeline.png (PNG copy)> <./figures/mark
l_fatigue_test_photo.png>]
<figures/timoshenko_beam_equation.png, id=189, 1102.87032pt x 154.32657pt>
File: figures/timoshenko_beam_equation.png Graphic file (type png)
<use figures/timoshenko_beam_equation.png>
Package pdftex.def Info: figures/timoshenko_beam_equation.png  used on input li
ne 119.
(pdftex.def)             Requested size: 386.96027pt x 54.14696pt.
<figures/elbow_ovalisation_contour.png, id=192, 436.63126pt x 248.42813pt>
File: figures/elbow_ovalisation_contour.png Graphic file (type png)
<use figures/elbow_ovalisation_contour.png>
Package pdftex.def Info: figures/elbow_ovalisation_contour.png  used on input l
ine 137.
(pdftex.def)             Requested size: 227.62206pt x 129.50937pt.
 [4 <./figures/historical_lecture_photo.png> <./figures/timoshenko_beam_equatio
n.png>] [5 <./figures/elbow_ovalisation_contour.png>]
<figures/primary_secondary_loading_paths.png, id=221, 800.9925pt x 678.535pt>
File: figures/primary_secondary_loading_paths.png Graphic file (type png)
<use figures/primary_secondary_loading_paths.png>
Package pdftex.def Info: figures/primary_secondary_loading_paths.png  used on i
nput line 195.
(pdftex.def)             Requested size: 236.72888pt x 200.52846pt.
 [6]
<figures/ramberg_osgood_temperature_family.png, id=234, 1454.43375pt x 1013.787
5pt>
File: figures/ramberg_osgood_temperature_family.png Graphic file (type png)
<use figures/ramberg_osgood_temperature_family.png>
Package pdftex.def Info: figures/ramberg_osgood_temperature_family.png  used on
 input line 213.
(pdftex.def)             Requested size: 218.51521pt x 152.30907pt.
<figures/ramberg_osgood_550c_sensitivity.png, id=235, 1719.42375pt x 1141.26375
pt>
File: figures/ramberg_osgood_550c_sensitivity.png Graphic file (type png)
<use figures/ramberg_osgood_550c_sensitivity.png>
Package pdftex.def Info: figures/ramberg_osgood_550c_sensitivity.png  used on i
nput line 215.
(pdftex.def)             Requested size: 218.51521pt x 145.02596pt.
 [7 <./figures/primary_secondary_loading_paths.png (PNG copy)> <./figures/rambe
rg_osgood_temperature_family.png (PNG copy)> <./figures/ramberg_osgood_550c_sen
sitivity.png (PNG copy)>]
<figures/roche_spring_diagram_english.png, id=248, 390.70969pt x 517.935pt>
File: figures/roche_spring_diagram_english.png Graphic file (type png)
<use figures/roche_spring_diagram_english.png>
Package pdftex.def Info: figures/roche_spring_diagram_english.png  used on inpu
t line 233.
(pdftex.def)             Requested size: 204.85846pt x 271.5643pt.
 [8 <./figures/roche_spring_diagram_english.png>]
<figures/bar3_spring_vonmises.png, id=258, 810.02625pt x 447.92343pt>
File: figures/bar3_spring_vonmises.png Graphic file (type png)
<use figures/bar3_spring_vonmises.png>
Package pdftex.def Info: figures/bar3_spring_vonmises.png  used on input line 2
42.
(pdftex.def)             Requested size: 318.66948pt x 176.22041pt.
<figures/roche_example.png, id=259, 277.035pt x 133.24782pt>
File: figures/roche_example.png Graphic file (type png)
<use figures/roche_example.png>
Package pdftex.def Info: figures/roche_example.png  used on input line 249.
(pdftex.def)             Requested size: 250.38564pt x 120.4302pt.
 [9 <./figures/bar3_spring_vonmises.png> <./figures/roche_example.png>]
<figures/rm_graphical_definition_overview.png, id=275, 968.61874pt x 488.82625p
t>
File: figures/rm_graphical_definition_overview.png Graphic file (type png)
<use figures/rm_graphical_definition_overview.png>
Package pdftex.def Info: figures/rm_graphical_definition_overview.png  used on 
input line 290.
(pdftex.def)             Requested size: 332.32625pt x 167.71288pt.
<figures/energy_balance_equivalent_stress_scheme.png, id=276, 969.6225pt x 438.
63875pt>
File: figures/energy_balance_equivalent_stress_scheme.png Graphic file (type pn
g)
<use figures/energy_balance_equivalent_stress_scheme.png>
Package pdftex.def Info: figures/energy_balance_equivalent_stress_scheme.png  u
sed on input line 297.
(pdftex.def)             Requested size: 364.19667pt x 164.75684pt.
<figures/rccmrx_official_g_figure.png, id=278, 767.11594pt x 409.53pt>
File: figures/rccmrx_official_g_figure.png Graphic file (type png)
<use figures/rccmrx_official_g_figure.png>
Package pdftex.def Info: figures/rccmrx_official_g_figure.png  used on input li
ne 308.
(pdftex.def)             Requested size: 364.19667pt x 194.42879pt.
 [10] [11 <./figures/rm_graphical_definition_overview.png (PNG copy)> <./figure
s/energy_balance_equivalent_stress_scheme.png (PNG copy)>]
[12 <./figures/rccmrx_official_g_figure.png>]
<figures/benchmark_geometry_nodes.png, id=314, 377.91188pt x 371.88937pt>
File: figures/benchmark_geometry_nodes.png Graphic file (type png)
<use figures/benchmark_geometry_nodes.png>
Package pdftex.def Info: figures/benchmark_geometry_nodes.png  used on input li
ne 375.
(pdftex.def)             Requested size: 204.85846pt x 201.59468pt.
 [13]
<figures/shell_element_schematic.png, id=324, 386.94562pt x 225.84375pt>
File: figures/shell_element_schematic.png Graphic file (type png)
<use figures/shell_element_schematic.png>
Package pdftex.def Info: figures/shell_element_schematic.png  used on input lin
e 392.
(pdftex.def)             Requested size: 227.62206pt x 132.85379pt.
<figures/marc_element75_manual_excerpt.png, id=325, 1069.9975pt x 368.37625pt>
File: figures/marc_element75_manual_excerpt.png Graphic file (type png)
<use figures/marc_element75_manual_excerpt.png>
Package pdftex.def Info: figures/marc_element75_manual_excerpt.png  used on inp
ut line 399.
(pdftex.def)             Requested size: 373.3035pt x 128.51765pt.
<figures/rbe2_anchor_connections.png, id=327, 659.46375pt x 584.1825pt>
File: figures/rbe2_anchor_connections.png Graphic file (type png)
<use figures/rbe2_anchor_connections.png>
Package pdftex.def Info: figures/rbe2_anchor_connections.png  used on input lin
e 408.
(pdftex.def)             Requested size: 200.30852pt x 177.44pt.
 [14 <./figures/benchmark_geometry_nodes.png> <./figures/shell_element_schemati
c.png>] [15 <./figures/marc_element75_manual_excerpt.png (PNG copy)> <./figures
/rbe2_anchor_connections.png (PNG copy)>]
<figures/elastic_model_reaction.png, id=343, 354.57469pt x 554.82281pt>
File: figures/elastic_model_reaction.png Graphic file (type png)
<use figures/elastic_model_reaction.png>
Package pdftex.def Info: figures/elastic_model_reaction.png  used on input line
 441.
(pdftex.def)             Requested size: 191.20169pt x 299.1935pt.
<figures/elastic_model_displacement.png, id=344, 550.30594pt x 556.32843pt>
File: figures/elastic_model_displacement.png Graphic file (type png)
<use figures/elastic_model_displacement.png>
Package pdftex.def Info: figures/elastic_model_displacement.png  used on input 
line 443.
(pdftex.def)             Requested size: 191.20169pt x 193.29173pt.
 [16 <./figures/elastic_model_reaction.png> <./figures/elastic_model_displaceme
nt.png>]
<figures/ns_thermal_deformed_shape.png, id=359, 411.5375pt x 468.75125pt>
File: figures/ns_thermal_deformed_shape.png Graphic file (type png)
<use figures/ns_thermal_deformed_shape.png>
Package pdftex.def Info: figures/ns_thermal_deformed_shape.png  used on input l
ine 454.
(pdftex.def)             Requested size: 154.78133pt x 176.29626pt.
<figures/shell_mesh_verification_views.png, id=360, 1676.2625pt x 1437.37pt>
File: figures/shell_mesh_verification_views.png Graphic file (type png)
<use figures/shell_mesh_verification_views.png>
Package pdftex.def Info: figures/shell_mesh_verification_views.png  used on inp
ut line 461.
(pdftex.def)             Requested size: 373.3035pt x 320.08249pt.
<figures/elastoplastic_vonmises_contour.png, id=365, 557.08125pt x 528.47438pt>

File: figures/elastoplastic_vonmises_contour.png Graphic file (type png)
<use figures/elastoplastic_vonmises_contour.png>
Package pdftex.def Info: figures/elastoplastic_vonmises_contour.png  used on in
put line 480.
(pdftex.def)             Requested size: 273.14923pt x 259.12405pt.
<figures/critical_section_vonmises_detail.png, id=366, 784.9325pt x 704.6325pt>

File: figures/critical_section_vonmises_detail.png Graphic file (type png)
<use figures/critical_section_vonmises_detail.png>
Package pdftex.def Info: figures/critical_section_vonmises_detail.png  used on 
input line 487.
(pdftex.def)             Requested size: 227.62206pt x 204.32744pt.
 [17 <./figures/ns_thermal_deformed_shape.png (PNG copy)>]
[18 <./figures/shell_mesh_verification_views.png (PNG copy)> <./figures/elastop
lastic_vonmises_contour.png>]
<figures/hexagon_benchmark_rM_g_table.png, id=381, 718.18312pt x 616.55344pt>
File: figures/hexagon_benchmark_rM_g_table.png Graphic file (type png)
<use figures/hexagon_benchmark_rM_g_table.png>
Package pdftex.def Info: figures/hexagon_benchmark_rM_g_table.png  used on inpu
t line 514.
(pdftex.def)             Requested size: 386.96027pt x 332.20949pt.
<figures/ns_solver_stress_table.png, id=384, 1385.92781pt x 662.475pt>
File: figures/ns_solver_stress_table.png Graphic file (type png)
<use figures/ns_solver_stress_table.png>
Package pdftex.def Info: figures/ns_solver_stress_table.png  used on input line
 521.
(pdftex.def)             Requested size: 341.43307pt x 163.2024pt.
 [19 <./figures/critical_section_vonmises_detail.png (PNG copy)>] [20 <./figure
s/hexagon_benchmark_rM_g_table.png> <./figures/ns_solver_stress_table.png>]
<figures/g_vs_mesh_convergence.png, id=418, 662.475pt x 469.755pt>
File: figures/g_vs_mesh_convergence.png Graphic file (type png)
<use figures/g_vs_mesh_convergence.png>
Package pdftex.def Info: figures/g_vs_mesh_convergence.png  used on input line 
571.
(pdftex.def)             Requested size: 295.90588pt x 209.8252pt.
<figures/g_fea_vs_rccmrx_barchart.png, id=424, 978.65625pt x 484.05844pt>
File: figures/g_fea_vs_rccmrx_barchart.png Graphic file (type png)
<use figures/g_fea_vs_rccmrx_barchart.png>
Package pdftex.def Info: figures/g_fea_vs_rccmrx_barchart.png  used on input li
ne 584.
(pdftex.def)             Requested size: 295.90588pt x 146.3635pt.
 [21]
<figures/cantilever_sketch.png, id=434, 392.21532pt x 177.66376pt>
File: figures/cantilever_sketch.png Graphic file (type png)
<use figures/cantilever_sketch.png>
Package pdftex.def Info: figures/cantilever_sketch.png  used on input line 595.

(pdftex.def)             Requested size: 227.62206pt x 103.10739pt.
 [22 <./figures/g_vs_mesh_convergence.png> <./figures/g_fea_vs_rccmrx_barchart.
png>]
<figures/cantilever_3d_model.png, id=449, 799.48688pt x 602.25pt>
File: figures/cantilever_3d_model.png Graphic file (type png)
<use figures/cantilever_3d_model.png>
Package pdftex.def Info: figures/cantilever_3d_model.png  used on input line 61
4.
(pdftex.def)             Requested size: 341.43307pt x 257.19804pt.
<figures/cantilever_vonmises_validation.png, id=450, 1217.54875pt x 525.965pt>
File: figures/cantilever_vonmises_validation.png Graphic file (type png)
<use figures/cantilever_vonmises_validation.png>
Package pdftex.def Info: figures/cantilever_vonmises_validation.png  used on in
put line 621.
(pdftex.def)             Requested size: 327.7763pt x 141.59511pt.
<figures/hexagon_cantilever_rM_g_table.png, id=451, 712.91344pt x 178.41656pt>
File: figures/hexagon_cantilever_rM_g_table.png Graphic file (type png)
<use figures/hexagon_cantilever_rM_g_table.png>
Package pdftex.def Info: figures/hexagon_cantilever_rM_g_table.png  used on inp
ut line 628.
(pdftex.def)             Requested size: 386.96027pt x 96.84169pt.
 [23 <./figures/cantilever_sketch.png> <./figures/cantilever_3d_model.png>] [24
 <./figures/cantilever_vonmises_validation.png (PNG copy)> <./figures/hexagon_c
antilever_rM_g_table.png>]
Package microtype Info: Loading generic protrusion settings for font family
(microtype)             `cmtt' (encoding: T1).
(microtype)             For optimal results, create family-specific settings.
(microtype)             See the microtype manual for details.
 [25]
<figures/roche_graphical_construction.png, id=499, 581.17125pt x 331.2375pt>
File: figures/roche_graphical_construction.png Graphic file (type png)
<use figures/roche_graphical_construction.png>
Package pdftex.def Info: figures/roche_graphical_construction.png  used on inpu
t line 690.
(pdftex.def)             Requested size: 295.90588pt x 168.6509pt.
<figures/roche_original_calculation_sheet.png, id=500, 928.46875pt x 889.3225pt
>
File: figures/roche_original_calculation_sheet.png Graphic file (type png)
<use figures/roche_original_calculation_sheet.png>
Package pdftex.def Info: figures/roche_original_calculation_sheet.png  used on 
input line 697.
(pdftex.def)             Requested size: 282.24911pt x 270.35413pt.
 [26 <./figures/roche_graphical_construction.png>] [27 <./figures/roche_origina
l_calculation_sheet.png (PNG copy)>]
<figures/roche_theorem_note_pages.png, id=535, 1666.225pt x 2491.3075pt>
File: figures/roche_theorem_note_pages.png Graphic file (type png)
<use figures/roche_theorem_note_pages.png>
Package pdftex.def Info: figures/roche_theorem_note_pages.png  used on input li
ne 803.
(pdftex.def)             Requested size: 409.71692pt x 612.59952pt.
 [28] [29] [30 <./figures/roche_theorem_note_pages.png (PNG copy)>] (./Octave_P
lasticityDisplacementControlledLoads_paper.aux)
 ***********
LaTeX2e <2026-06-01>
L3 programming layer <2026-05-26>
 ***********
Package rerunfilecheck Info: File `Octave_PlasticityDisplacementControlledLoads
_paper.out' has not changed.
(rerunfilecheck)             Checksum: DC90E4AD88CEDE604503127B8C3591E8;8674.
 ) 
Here is how much of TeX's memory you used:
 18721 strings out of 467167
 365944 string characters out of 5413691
 790475 words of memory out of 5000000
 47393 multiletter control sequences out of 15000+600000
 656230 words of font info for 220 fonts, out of 8000000 for 9000
 1141 hyphenation exceptions out of 8191
 74i,12n,79p,1864b,1123s stack positions out of 10000i,1000n,20000p,200000b,200000s
<c:/texlive/2026/texmf-dist/fonts/type1/public/amsfonts/cm/cmex10.pfb><c:/tex
live/2026/texmf-dist/fonts/type1/public/amsfonts/cm/cmmi10.pfb><c:/texlive/2026
/texmf-dist/fonts/type1/public/amsfonts/cm/cmmi6.pfb><c:/texlive/2026/texmf-dis
t/fonts/type1/public/amsfonts/cm/cmmi7.pfb><c:/texlive/2026/texmf-dist/fonts/ty
pe1/public/amsfonts/cm/cmmi8.pfb><c:/texlive/2026/texmf-dist/fonts/type1/public
/amsfonts/cm/cmr10.pfb><c:/texlive/2026/texmf-dist/fonts/type1/public/amsfonts/
cm/cmr6.pfb><c:/texlive/2026/texmf-dist/fonts/type1/public/amsfonts/cm/cmr7.pfb
><c:/texlive/2026/texmf-dist/fonts/type1/public/amsfonts/cm/cmr8.pfb><c:/texliv
e/2026/texmf-dist/fonts/type1/public/amsfonts/cm/cmsy10.pfb><c:/texlive/2026/te
xmf-dist/fonts/type1/public/amsfonts/cm/cmsy6.pfb><c:/texlive/2026/texmf-dist/f
onts/type1/public/amsfonts/cm/cmsy8.pfb><c:/texlive/2026/texmf-dist/fonts/type1
/public/cm-super/sfbx1000.pfb><c:/texlive/2026/texmf-dist/fonts/type1/public/cm
-super/sfbx1095.pfb><c:/texlive/2026/texmf-dist/fonts/type1/public/cm-super/sfb
x1200.pfb><c:/texlive/2026/texmf-dist/fonts/type1/public/cm-super/sfbx1440.pfb>
<c:/texlive/2026/texmf-dist/fonts/type1/public/cm-super/sfbx1728.pfb><c:/texliv
e/2026/texmf-dist/fonts/type1/public/cm-super/sfrm0800.pfb><c:/texlive/2026/tex
mf-dist/fonts/type1/public/cm-super/sfrm1000.pfb><c:/texlive/2026/texmf-dist/fo
nts/type1/public/cm-super/sfrm1095.pfb><c:/texlive/2026/texmf-dist/fonts/type1/
public/cm-super/sfrm1200.pfb><c:/texlive/2026/texmf-dist/fonts/type1/public/cm-
super/sfti1000.pfb><c:/texlive/2026/texmf-dist/fonts/type1/public/cm-super/sfti
1095.pfb><c:/texlive/2026/texmf-dist/fonts/type1/public/cm-super/sftt1095.pfb>
Output written on Octave_PlasticityDisplacementControlledLoads_paper.pdf (30 pa
ges, 4494197 bytes).
PDF statistics:
 699 PDF objects out of 1000 (max. 8388607)
 549 compressed objects within 6 object streams
 149 named destinations out of 1000 (max. 500000)
 48040 words of extra memory for PDF output out of 51595 (max. 10000000)

